DATASET CHARACTERISTICS:
	N = 500, n = 248, L = 5000
RESULTS:
Number of itemsets processed: 3542710 (less than 1e-12% of total).
Maximum itemset length to be processed: unlimited
Associated testability threshold: 2.754229e-08
Number of testable itemsets: 3353098
Corrected significance threshold at level 1.000000e-01: 2.982317e-08
Number of significantly associated itemsets found: 134
Number of closed itemsets processed: 3482879
