DATASET CHARACTERISTICS:
	N = 400, n = 215, L = 1000
RESULTS:
Number of intervals processed: 25935 (5.187% of total).
Maximum interval length to be processed: unlimited
Associated testability threshold: 1.666394e-06
Number of testable intervals: 25277
Corrected significance threshold at level 5.000000e-02: 1.978083e-06
Number of significantly associated intervals found: 165
Maximum testable interval length: 33
Resultant testability region: L [25,200] U [200,375]
