DATASET CHARACTERISTICS:
	N = 958, n = 332, L = 18
RESULTS:
Number of itemsets processed: 3855 (1.47057% of total).
Maximum itemset length to be processed: unlimited
Associated testability threshold: 1.202264e-05
Number of testable itemsets: 3525
Corrected significance threshold at level 5.000000e-02: 1.418440e-05
Number of significantly associated itemsets found: 365
Number of closed itemsets processed: 3855
