p-value,a,start,end
8.559014e-07,39,99,103
6.908440e-06,46,98,103
