DATASET CHARACTERISTICS:
	N = 400, n = 215, L = 1000
RESULTS:
Number of intervals processed: 27515 (5.503% of total).
Maximum interval length to be processed: unlimited
Associated testability threshold: 1.353917e-06
Number of testable intervals: 26905
Corrected significance threshold at level 5.000000e-02: 1.858391e-06
Number of significantly associated intervals found: 157
Maximum testable interval length: 35
Resultant testability region: L [21,200] U [200,379]
