DATASET CHARACTERISTICS:
	N = 400, n = 215, L = 1000
RESULTS:
Number of intervals processed: 26683 (5.3366% of total).
Maximum interval length to be processed: unlimited
Associated testability threshold: 4.597420e-06
Number of testable intervals: 0
Corrected significance threshold at level 5.000000e-02: 5.437985e-06
Number of significantly associated intervals found: 181
Maximum testable interval length: 34
Resultant testability region: L [23,200] U [200,377]
FWER at testability threshold: 2.000000e-02
FWER at corrected significance threshold: 4.000000e-02
