DATASET CHARACTERISTICS:
	N = 1000, n = 500, L = 110000
RESULTS:
Number of intervals processed: 1193312 (0.0197242% of total).
Maximum interval length to be processed: unlimited
Associated testability threshold: 4.492813e-08
Number of testable intervals: 1102799
Corrected significance threshold at level 5.000000e-02: 4.533918e-08
Number of significantly associated intervals found: 562
Maximum testable interval length: 19
Resultant testability region: L [24,500] U [500,976]
