DATASET CHARACTERISTICS:
	N = 200, n = 111, L = 1000
RESULTS:
Number of intervals processed: 7762 (1.5524% of total).
Maximum interval length to be processed: unlimited
Associated testability threshold: 6.918310e-06
Number of testable intervals: 7030
Corrected significance threshold at level 5.000000e-02: 7.112376e-06
Number of significantly associated intervals found: 5
Maximum testable interval length: 10
Resultant testability region: L [1,100] U [100,199]
