7328 7330 1.61963e-08 3
10000 10000 8.00118e-48 1
20000 20001 4.26542e-60 2
30000 30002 3.57091e-61 3
40000 40003 6.70414e-56 4
50000 50004 1.52746e-51 5
60000 60005 1.89209e-63 6
70000 70006 3.27663e-58 7
80001 80007 5.09228e-57 7
90001 90008 6.51921e-64 8
100000 100009 4.28057e-64 10
