p-value,a,start,end
6.515484e-08,64,99,101
6.114765e-09,66,100,102
4.834760e-13,83,99,102
5.609558e-06,89,98,102
5.698041e-06,93,99,103
