7328 7330 1.23886e-08 3
10000 10000 1.71038e-46 1
20000 20001 1.07941e-57 2
30000 30002 9.83231e-59 3
40000 40003 6.21371e-54 4
50000 50004 5.77376e-50 5
60000 60005 7.92229e-61 6
70000 70006 6.73394e-56 7
80001 80007 4.49913e-55 7
90001 90008 2.44128e-61 8
100000 100009 1.79363e-61 10
