Failed opening tests/data/invalid_data.txt
Failed opening tests/data/invalid_label.txt
you have to call set_alpha first
you have to call set_lmax first
Failed opening tests/data/invalid_data.txt
Failed opening tests/data/invalid_label.txt
you have to call set_alpha first
you have to call set_lmax first
Failed opening tests/data/invalid_data.txt
Failed opening tests/data/invalid_label.txt
you have to call set_alpha first
you have to call set_lmax first
Failed opening tests/data/invalid_data.txt
Failed opening tests/data/invalid_label.txt
you have to call set_alpha first
you have to call set_lmax first
Failed opening tests/data/invalid_data.txt
Failed opening tests/data/invalid_label.txt
you have to call set_alpha first
you have to call set_lmax first
Failed opening tests/data/invalid_data.txt
Failed opening tests/data/invalid_label.txt
you have to call set_alpha first
you have to call set_lmax first
Summary(iset_processed=3788, iset_closed_processed=3788, iset_testable=3468, testability_threshold=1.047128548050907e-05, significance_level=0.04, corrected_signficance_level=1.1534025374855825e-05)
not clustered:
 362
Result(summary=Summary(iset_processed=3788, iset_closed_processed=3788, iset_testable=3468, testability_threshold=1.047128548050907e-05, significance_level=0.04, corrected_signficance_level=1.1534025374855825e-05), sig_iset='<362 significant itemsets>')

sig isets:
row    0: 1.13167e-19 228,230,  9
row    1: 2.11234e-08  82, 90,  1,  9
row    2: 2.11234e-08  82, 90,  5,  9
row    3: 2.25193e-08  87, 85, 13,  9
row    4: 3.99002e-13  47, 43, 13,  5,  9
row    5: 2.20136e-08  85, 87, 17,  9
row    6: 3.54829e-13  41, 49, 17,  1,  9
row    7: 2.00379e-11  43, 35,  3,  5,  1
row    8: 1.70842e-11  34, 44,  7, 13,  1
row    9: 1.81857e-06  53, 58,  7,  3
...
row  352: 1.60830e-06   7,  5, 14,  2,  8, 17, 13
row  353: 1.83024e-10  12,  9, 14,  2,  8, 17
row  354: 1.60830e-06   7,  5, 14,  2,  8,  7,  5
row  355: 1.51108e-06   8,  4, 14,  2,  8,  7, 17
row  356: 1.71392e-10  13,  8, 14,  2,  8,  7
row  357: 1.77514e-06   5,  7, 14,  2,  8, 11,  1
row  358: 1.40714e-06   9,  3, 14,  2,  8, 11, 13
row  359: 1.51108e-06   8,  4, 14,  2,  8, 11,  7
row  360: 1.71392e-10  13,  8, 14,  2,  8, 11
row  361: 4.06506e-17  20, 16, 14,  2,  8

files:
['output_summary_SignificantIntervalSearchChi.txt', 'output_summary_SignificantIntervalSearchExact.txt', 'output_summary_SignificantIntervalSearchFastCmh.txt', 'output_summary_SignificantIntervalSearchWyChi.txt', 'output_summary_SignificantIntervalSearchWyExact.txt', 'output_summary_SignificantItemsetSearchFacs.txt', 'output_timing_SignificantIntervalSearchChi.txt', 'output_timing_SignificantIntervalSearchExact.txt', 'output_timing_SignificantIntervalSearchFastCmh.txt', 'output_timing_SignificantIntervalSearchWyChi.txt', 'output_timing_SignificantIntervalSearchWyExact.txt', 'output_timing_SignificantItemsetSearchFacs.txt', 'p_vals_significant_intervals_SignificantIntervalSearchChi.txt', 'p_vals_significant_intervals_SignificantIntervalSearchExact.txt', 'p_vals_significant_intervals_SignificantIntervalSearchFastCmh.txt', 'p_vals_significant_intervals_SignificantIntervalSearchWyChi.txt', 'p_vals_significant_intervals_SignificantIntervalSearchWyExact.txt', 'p_vals_significant_itemsets_SignificantItemsetSearchFacs.txt', 'p_vals_testable_intervals_SignificantIntervalSearchChi.txt', 'p_vals_testable_intervals_SignificantIntervalSearchExact.txt', 'p_vals_testable_intervals_SignificantIntervalSearchFastCmh.txt', 'p_vals_testable_intervals_SignificantIntervalSearchWyChi.txt', 'p_vals_testable_intervals_SignificantIntervalSearchWyExact.txt', 'p_vals_testable_itemsets_SignificantItemsetSearchFacs.txt']

output_summary_SignificantIntervalSearchChi.txt
--------------------------------------------------------------------------------

hexdigest: 7e6eeeb4275f3e23f45fefe46574b4059e2d0767
number of lines: 11

content:
------
DATASET CHARACTERISTICS:
	N = 958, n = 332, L = 18
RESULTS:
Number of intervals processed: 97 (59.8765% of total).
Maximum interval length to be processed: 10
Associated testability threshold: 2.659804e-04
Number of testable intervals: 88
Corrected significance threshold at level 4.000000e-02: 4.545455e-04
Number of significantly associated intervals found: 13
Maximum testable interval length: 7
Resultant testability region: L [7,479] U [479,951]
------

output_summary_SignificantIntervalSearchExact.txt
--------------------------------------------------------------------------------

hexdigest: f292b4b006a4481dd8066188127f7ba840ac69d2
number of lines: 11

content:
------
DATASET CHARACTERISTICS:
	N = 958, n = 332, L = 18
RESULTS:
Number of intervals processed: 97 (59.8765% of total).
Maximum interval length to be processed: 10
Associated testability threshold: 1.967891e-04
Number of testable intervals: 87
Corrected significance threshold at level 4.000000e-02: 4.597701e-04
Number of significantly associated intervals found: 13
Maximum testable interval length: 7
Resultant testability region: L [8,479] U [479,950]
------

output_summary_SignificantIntervalSearchFastCmh.txt
--------------------------------------------------------------------------------

hexdigest: c702a5f6fc10f53cf00bc64fad453da2bb1d883e
number of lines: 10

content:
------
DATASET CHARACTERISTICS:
	N = 958, n = 332, L = 18
RESULTS:
Number of intervals processed: 97 (59.8765% of total).
Maximum interval length to be processed: 10
Associated testability threshold: 4.365158e-04
Number of testable intervals: 88
Corrected significance threshold at level 4.000000e-02: 4.545455e-04
Number of significantly associated intervals found: 13
Maximum testable interval length: 7
------

output_summary_SignificantIntervalSearchWyChi.txt
--------------------------------------------------------------------------------

hexdigest: a82f26447c1a1cc023a05f35ff79944373d06eff
number of lines: 13

content:
------
DATASET CHARACTERISTICS:
	N = 958, n = 332, L = 18
RESULTS:
Number of intervals processed: 97 (59.8765% of total).
Maximum interval length to be processed: 10
Associated testability threshold: 2.659804e-04
Number of testable intervals: 0
Corrected significance threshold at level 4.000000e-02: 5.822921e-04
Number of significantly associated intervals found: 13
Maximum testable interval length: 7
Resultant testability region: L [7,479] U [479,951]
FWER at testability threshold: 0.000000e+00
FWER at corrected significance threshold: 4.000000e-02
------

output_summary_SignificantIntervalSearchWyExact.txt
--------------------------------------------------------------------------------

hexdigest: 71087cab24fc4cf38712ab2efd79d4c184b244b2
number of lines: 13

content:
------
DATASET CHARACTERISTICS:
	N = 958, n = 332, L = 18
RESULTS:
Number of intervals processed: 97 (59.8765% of total).
Maximum interval length to be processed: 10
Associated testability threshold: 5.758352e-04
Number of testable intervals: 0
Corrected significance threshold at level 4.000000e-02: 7.007563e-04
Number of significantly associated intervals found: 13
Maximum testable interval length: 7
Resultant testability region: L [7,479] U [479,951]
FWER at testability threshold: 3.000000e-02
FWER at corrected significance threshold: 4.000000e-02
------

output_summary_SignificantItemsetSearchFacs.txt
--------------------------------------------------------------------------------

hexdigest: 34290cace90687b191d9451b557028957f018a5e
number of lines: 10

content:
------
DATASET CHARACTERISTICS:
	N = 958, n = 332, L = 18
RESULTS:
Number of itemsets processed: 3788 (1.44501% of total).
Maximum itemset length to be processed: 10
Associated testability threshold: 1.047129e-05
Number of testable itemsets: 3468
Corrected significance threshold at level 4.000000e-02: 1.153403e-05
Number of significantly associated itemsets found: 362
Number of closed itemsets processed: 3788
------

p_vals_significant_intervals_SignificantIntervalSearchChi.txt
--------------------------------------------------------------------------------

hexdigest: 53dcea7116d6e6d4e114653b5f93b556aa695914
number of lines: 14

content:
------
p-value,a,x,start,end
2.067277e-05,146,335,0,0
2.067277e-05,146,335,4,4
6.674914e-26,192,340,8,8
1.204330e-19,92,458,9,9
2.067277e-05,146,335,12,12
2.067277e-05,146,335,16,16
1.666881e-05,230,574,3,4
1.273314e-14,251,563,7,8
1.202123e-13,160,613,9,10
1.926921e-05,217,536,11,12
1.666881e-05,230,574,15,16
1.594482e-04,297,797,6,8
1.730726e-04,296,794,10,12
------

p_vals_significant_intervals_SignificantIntervalSearchExact.txt
--------------------------------------------------------------------------------

hexdigest: 224855a79e50eef76fe49115822a8a58a15d3eac
number of lines: 14

content:
------
p-value,a,x,start,end
2.589301e-05,146,335,0,0
2.589301e-05,146,335,4,4
2.465866e-25,192,340,8,8
6.631651e-20,92,458,9,9
2.589301e-05,146,335,12,12
2.589301e-05,146,335,16,16
1.689972e-05,230,574,3,4
6.836778e-15,251,563,7,8
2.173648e-13,160,613,9,10
2.158443e-05,217,536,11,12
1.689972e-05,230,574,15,16
1.282032e-04,297,797,6,8
1.434862e-04,296,794,10,12
------

p_vals_significant_intervals_SignificantIntervalSearchFastCmh.txt
--------------------------------------------------------------------------------

hexdigest: 72ea56cd77f5d52e70b647d298a21022647cca58
number of lines: 14

content:
------
p-value,a,start,end
1.655258e-05,146,0,0
2.214694e-05,146,4,4
8.903795e-27,192,8,8
6.271835e-20,92,9,9
2.214694e-05,146,12,12
2.222550e-05,146,16,16
1.773791e-05,230,3,4
9.177727e-15,251,7,8
8.876812e-14,160,9,10
2.011401e-05,217,11,12
1.681216e-05,230,15,16
1.696169e-04,297,6,8
1.833416e-04,296,10,12
------

p_vals_significant_intervals_SignificantIntervalSearchWyChi.txt
--------------------------------------------------------------------------------

hexdigest: 53dcea7116d6e6d4e114653b5f93b556aa695914
number of lines: 14

content:
------
p-value,a,x,start,end
2.067277e-05,146,335,0,0
2.067277e-05,146,335,4,4
6.674914e-26,192,340,8,8
1.204330e-19,92,458,9,9
2.067277e-05,146,335,12,12
2.067277e-05,146,335,16,16
1.666881e-05,230,574,3,4
1.273314e-14,251,563,7,8
1.202123e-13,160,613,9,10
1.926921e-05,217,536,11,12
1.666881e-05,230,574,15,16
1.594482e-04,297,797,6,8
1.730726e-04,296,794,10,12
------

p_vals_significant_intervals_SignificantIntervalSearchWyExact.txt
--------------------------------------------------------------------------------

hexdigest: 224855a79e50eef76fe49115822a8a58a15d3eac
number of lines: 14

content:
------
p-value,a,x,start,end
2.589301e-05,146,335,0,0
2.589301e-05,146,335,4,4
2.465866e-25,192,340,8,8
6.631651e-20,92,458,9,9
2.589301e-05,146,335,12,12
2.589301e-05,146,335,16,16
1.689972e-05,230,574,3,4
6.836778e-15,251,563,7,8
2.173648e-13,160,613,9,10
2.158443e-05,217,536,11,12
1.689972e-05,230,574,15,16
1.282032e-04,297,797,6,8
1.434862e-04,296,794,10,12
------

p_vals_significant_itemsets_SignificantItemsetSearchFacs.txt
--------------------------------------------------------------------------------

hexdigest: 39b42a47615030d1302e03f9d9254e97f14c6fc7
number of lines: 363

content:
------
p-value,a,itemset
1.131673e-19,92,228 230 9
2.112343e-08,28,82 90 1 9
2.112343e-08,28,82 90 5 9
2.251932e-08,28,87 85 13 9
3.990022e-13,0,47 43 13 5 9
2.201356e-08,28,85 87 17 9
3.548290e-13,0,41 49 17 1 9
2.003793e-11,0,43 35 3 5 1
1.708417e-11,0,34 44 7 13 1
1.818571e-06,61,53 58 7 3
1.946598e-11,0,40 38 11 17 5
1.818571e-06,61,53 58 11 3
1.989870e-11,0,42 36 11 7 9
1.917587e-11,0,39 39 15 17 13
2.003793e-11,0,43 35 15 3 9
1.649756e-06,61,60 51 15 7
1.777699e-06,61,55 56 15 11
7.911443e-07,42,46 22 8 13 5
1.012621e-06,42,38 30 8 17 1
...
1.696916e-06,12,6 6 14 16 12 11 3
1.937614e-10,21,11 10 14 16 12 11
4.065062e-17,36,20 16 14 16 12
1.388039e-06,4,31 31 14 2 9
2.184560e-10,21,8 13 14 2 8 1
1.841340e-06,12,4 8 14 2 8 5 1
1.830242e-10,21,12 9 14 2 8 5
1.298438e-06,12,10 2 14 2 8 13 5
1.590981e-10,21,14 7 14 2 8 13
1.696916e-06,12,6 6 14 2 8 17 1
1.608298e-06,12,7 5 14 2 8 17 13
1.830242e-10,21,12 9 14 2 8 17
1.608298e-06,12,7 5 14 2 8 7 5
1.511075e-06,12,8 4 14 2 8 7 17
1.713924e-10,21,13 8 14 2 8 7
1.775142e-06,12,5 7 14 2 8 11 1
1.407140e-06,12,9 3 14 2 8 11 13
1.511075e-06,12,8 4 14 2 8 11 7
1.713924e-10,21,13 8 14 2 8 11
4.065062e-17,36,20 16 14 2 8
------

p_vals_testable_intervals_SignificantIntervalSearchChi.txt
--------------------------------------------------------------------------------

hexdigest: 82f28b16c51df3470763630e248ec4a3e292216a
number of lines: 1

content:
------
p-value,a,x,start,end
------

p_vals_testable_intervals_SignificantIntervalSearchExact.txt
--------------------------------------------------------------------------------

hexdigest: 82f28b16c51df3470763630e248ec4a3e292216a
number of lines: 1

content:
------
p-value,a,x,start,end
------

p_vals_testable_intervals_SignificantIntervalSearchFastCmh.txt
--------------------------------------------------------------------------------

hexdigest: b536705b5ee7e145ed87ee1f6c8343be794d3131
number of lines: 1

content:
------
p-value,a,start,end
------

p_vals_testable_intervals_SignificantIntervalSearchWyChi.txt
--------------------------------------------------------------------------------

hexdigest: 82f28b16c51df3470763630e248ec4a3e292216a
number of lines: 1

content:
------
p-value,a,x,start,end
------

p_vals_testable_intervals_SignificantIntervalSearchWyExact.txt
--------------------------------------------------------------------------------

hexdigest: 82f28b16c51df3470763630e248ec4a3e292216a
number of lines: 1

content:
------
p-value,a,x,start,end
------

p_vals_testable_itemsets_SignificantItemsetSearchFacs.txt
--------------------------------------------------------------------------------

hexdigest: 76301bfdbdec1c5fcca961299a29c72ec662c83d
number of lines: 1

content:
------
p-value,a,itemset
------
